Archive member included to satisfy reference by file (symbol)

c:/st/stm32cubeide_1.10.1/stm32cubeide/plugins/com.st.stm32cube.ide.mcu.externaltools.gnu-tools-for-stm32.10.3-2021.10.win32_1.0.0.202111181127/tools/bin/../lib/gcc/arm-none-eabi/10.3.1/../../../../arm-none-eabi/lib/thumb/v7-m/nofp\libc_nano.a(lib_a-errno.o)
                              ./Core/Src/syscalls.o (__errno)
c:/st/stm32cubeide_1.10.1/stm32cubeide/plugins/com.st.stm32cube.ide.mcu.externaltools.gnu-tools-for-stm32.10.3-2021.10.win32_1.0.0.202111181127/tools/bin/../lib/gcc/arm-none-eabi/10.3.1/../../../../arm-none-eabi/lib/thumb/v7-m/nofp\libc_nano.a(lib_a-exit.o)
                              c:/st/stm32cubeide_1.10.1/stm32cubeide/plugins/com.st.stm32cube.ide.mcu.externaltools.gnu-tools-for-stm32.10.3-2021.10.win32_1.0.0.202111181127/tools/bin/../lib/gcc/arm-none-eabi/10.3.1/../../../../arm-none-eabi/lib/thumb/v7-m/nofp/crt0.o (exit)
c:/st/stm32cubeide_1.10.1/stm32cubeide/plugins/com.st.stm32cube.ide.mcu.externaltools.gnu-tools-for-stm32.10.3-2021.10.win32_1.0.0.202111181127/tools/bin/../lib/gcc/arm-none-eabi/10.3.1/../../../../arm-none-eabi/lib/thumb/v7-m/nofp\libc_nano.a(lib_a-impure.o)
                              c:/st/stm32cubeide_1.10.1/stm32cubeide/plugins/com.st.stm32cube.ide.mcu.externaltools.gnu-tools-for-stm32.10.3-2021.10.win32_1.0.0.202111181127/tools/bin/../lib/gcc/arm-none-eabi/10.3.1/../../../../arm-none-eabi/lib/thumb/v7-m/nofp\libc_nano.a(lib_a-exit.o) (_global_impure_ptr)
c:/st/stm32cubeide_1.10.1/stm32cubeide/plugins/com.st.stm32cube.ide.mcu.externaltools.gnu-tools-for-stm32.10.3-2021.10.win32_1.0.0.202111181127/tools/bin/../lib/gcc/arm-none-eabi/10.3.1/../../../../arm-none-eabi/lib/thumb/v7-m/nofp\libc_nano.a(lib_a-init.o)
                              c:/st/stm32cubeide_1.10.1/stm32cubeide/plugins/com.st.stm32cube.ide.mcu.externaltools.gnu-tools-for-stm32.10.3-2021.10.win32_1.0.0.202111181127/tools/bin/../lib/gcc/arm-none-eabi/10.3.1/../../../../arm-none-eabi/lib/thumb/v7-m/nofp/crt0.o (__libc_init_array)
c:/st/stm32cubeide_1.10.1/stm32cubeide/plugins/com.st.stm32cube.ide.mcu.externaltools.gnu-tools-for-stm32.10.3-2021.10.win32_1.0.0.202111181127/tools/bin/../lib/gcc/arm-none-eabi/10.3.1/../../../../arm-none-eabi/lib/thumb/v7-m/nofp\libc_nano.a(lib_a-memset.o)
                              c:/st/stm32cubeide_1.10.1/stm32cubeide/plugins/com.st.stm32cube.ide.mcu.externaltools.gnu-tools-for-stm32.10.3-2021.10.win32_1.0.0.202111181127/tools/bin/../lib/gcc/arm-none-eabi/10.3.1/../../../../arm-none-eabi/lib/thumb/v7-m/nofp/crt0.o (memset)

Discarded input sections

 .text          0x0000000000000000        0x0 c:/st/stm32cubeide_1.10.1/stm32cubeide/plugins/com.st.stm32cube.ide.mcu.externaltools.gnu-tools-for-stm32.10.3-2021.10.win32_1.0.0.202111181127/tools/bin/../lib/gcc/arm-none-eabi/10.3.1/thumb/v7-m/nofp/crti.o
 .data          0x0000000000000000        0x0 c:/st/stm32cubeide_1.10.1/stm32cubeide/plugins/com.st.stm32cube.ide.mcu.externaltools.gnu-tools-for-stm32.10.3-2021.10.win32_1.0.0.202111181127/tools/bin/../lib/gcc/arm-none-eabi/10.3.1/thumb/v7-m/nofp/crti.o
 .bss           0x0000000000000000        0x0 c:/st/stm32cubeide_1.10.1/stm32cubeide/plugins/com.st.stm32cube.ide.mcu.externaltools.gnu-tools-for-stm32.10.3-2021.10.win32_1.0.0.202111181127/tools/bin/../lib/gcc/arm-none-eabi/10.3.1/thumb/v7-m/nofp/crti.o
 .data          0x0000000000000000        0x4 c:/st/stm32cubeide_1.10.1/stm32cubeide/plugins/com.st.stm32cube.ide.mcu.externaltools.gnu-tools-for-stm32.10.3-2021.10.win32_1.0.0.202111181127/tools/bin/../lib/gcc/arm-none-eabi/10.3.1/thumb/v7-m/nofp/crtbegin.o
 .rodata        0x0000000000000000       0x24 c:/st/stm32cubeide_1.10.1/stm32cubeide/plugins/com.st.stm32cube.ide.mcu.externaltools.gnu-tools-for-stm32.10.3-2021.10.win32_1.0.0.202111181127/tools/bin/../lib/gcc/arm-none-eabi/10.3.1/thumb/v7-m/nofp/crtbegin.o
 .text          0x0000000000000000       0x7c c:/st/stm32cubeide_1.10.1/stm32cubeide/plugins/com.st.stm32cube.ide.mcu.externaltools.gnu-tools-for-stm32.10.3-2021.10.win32_1.0.0.202111181127/tools/bin/../lib/gcc/arm-none-eabi/10.3.1/../../../../arm-none-eabi/lib/thumb/v7-m/nofp/crt0.o
 .data          0x0000000000000000        0x0 c:/st/stm32cubeide_1.10.1/stm32cubeide/plugins/com.st.stm32cube.ide.mcu.externaltools.gnu-tools-for-stm32.10.3-2021.10.win32_1.0.0.202111181127/tools/bin/../lib/gcc/arm-none-eabi/10.3.1/../../../../arm-none-eabi/lib/thumb/v7-m/nofp/crt0.o
 .bss           0x0000000000000000        0x0 c:/st/stm32cubeide_1.10.1/stm32cubeide/plugins/com.st.stm32cube.ide.mcu.externaltools.gnu-tools-for-stm32.10.3-2021.10.win32_1.0.0.202111181127/tools/bin/../lib/gcc/arm-none-eabi/10.3.1/../../../../arm-none-eabi/lib/thumb/v7-m/nofp/crt0.o
[...]
Memory Configuration

Name             Origin             Length             Attributes
RAM              0x0000000020000000 0x0000000000002800 xrw
FLASH            0x0000000008000000 0x0000000000008000 xr
*default*        0x0000000000000000 0xffffffffffffffff

Linker script and memory map

LOAD c:/st/stm32cubeide_1.10.1/stm32cubeide/plugins/com.st.stm32cube.ide.mcu.externaltools.gnu-tools-for-stm32.10.3-2021.10.win32_1.0.0.202111181127/tools/bin/../lib/gcc/arm-none-eabi/10.3.1/thumb/v7-m/nofp/crti.o
LOAD c:/st/stm32cubeide_1.10.1/stm32cubeide/plugins/com.st.stm32cube.ide.mcu.externaltools.gnu-tools-for-stm32.10.3-2021.10.win32_1.0.0.202111181127/tools/bin/../lib/gcc/arm-none-eabi/10.3.1/thumb/v7-m/nofp/crtbegin.o
LOAD c:/st/stm32cubeide_1.10.1/stm32cubeide/plugins/com.st.stm32cube.ide.mcu.externaltools.gnu-tools-for-stm32.10.3-2021.10.win32_1.0.0.202111181127/tools/bin/../lib/gcc/arm-none-eabi/10.3.1/../../../../arm-none-eabi/lib/thumb/v7-m/nofp/crt0.o
LOAD ./Core/Src/LedBlinky.o
LOAD ./Core/Src/button.o
LOAD ./Core/Src/display7SEG.o
LOAD ./Core/Src/fsm_automatic_buttons_run.o
LOAD ./Core/Src/fsm_longpress_buttons_run.o
LOAD ./Core/Src/fsm_simple_buttons_run.o
LOAD ./Core/Src/global.o
LOAD ./Core/Src/main.o
LOAD ./Core/Src/software_timer.o
LOAD ./Core/Src/stm32f1xx_hal_msp.o
LOAD ./Core/Src/stm32f1xx_it.o
LOAD ./Core/Src/syscalls.o
LOAD ./Core/Src/sysmem.o
LOAD ./Core/Src/system_stm32f1xx.o
LOAD ./Core/Startup/startup_stm32f103c6ux.o
LOAD ./Drivers/STM32F1xx_HAL_Driver/Src/stm32f1xx_hal.o
LOAD ./Drivers/STM32F1xx_HAL_Driver/Src/stm32f1xx_hal_cortex.o
LOAD ./Drivers/STM32F1xx_HAL_Driver/Src/stm32f1xx_hal_dma.o
LOAD ./Drivers/STM32F1xx_HAL_Driver/Src/stm32f1xx_hal_exti.o
LOAD ./Drivers/STM32F1xx_HAL_Driver/Src/stm32f1xx_hal_flash.o
LOAD ./Drivers/STM32F1xx_HAL_Driver/Src/stm32f1xx_hal_flash_ex.o
LOAD ./Drivers/STM32F1xx_HAL_Driver/Src/stm32f1xx_hal_gpio.o
LOAD ./Drivers/STM32F1xx_HAL_Driver/Src/stm32f1xx_hal_gpio_ex.o
LOAD ./Drivers/STM32F1xx_HAL_Driver/Src/stm32f1xx_hal_pwr.o
LOAD ./Drivers/STM32F1xx_HAL_Driver/Src/stm32f1xx_hal_rcc.o
LOAD ./Drivers/STM32F1xx_HAL_Driver/Src/stm32f1xx_hal_rcc_ex.o
LOAD ./Drivers/STM32F1xx_HAL_Driver/Src/stm32f1xx_hal_tim.o
LOAD ./Drivers/STM32F1xx_HAL_Driver/Src/stm32f1xx_hal_tim_ex.o
START GROUP
LOAD c:/st/stm32cubeide_1.10.1/stm32cubeide/plugins/com.st.stm32cube.ide.mcu.externaltools.gnu-tools-for-stm32.10.3-2021.10.win32_1.0.0.202111181127/tools/bin/../lib/gcc/arm-none-eabi/10.3.1/../../../../arm-none-eabi/lib/thumb/v7-m/nofp\libc_nano.a
LOAD c:/st/stm32cubeide_1.10.1/stm32cubeide/plugins/com.st.stm32cube.ide.mcu.externaltools.gnu-tools-for-stm32.10.3-2021.10.win32_1.0.0.202111181127/tools/bin/../lib/gcc/arm-none-eabi/10.3.1/../../../../arm-none-eabi/lib/thumb/v7-m/nofp\libm.a
END GROUP
START GROUP
LOAD c:/st/stm32cubeide_1.10.1/stm32cubeide/plugins/com.st.stm32cube.ide.mcu.externaltools.gnu-tools-for-stm32.10.3-2021.10.win32_1.0.0.202111181127/tools/bin/../lib/gcc/arm-none-eabi/10.3.1/thumb/v7-m/nofp\libgcc.a
LOAD c:/st/stm32cubeide_1.10.1/stm32cubeide/plugins/com.st.stm32cube.ide.mcu.externaltools.gnu-tools-for-stm32.10.3-2021.10.win32_1.0.0.202111181127/tools/bin/../lib/gcc/arm-none-eabi/10.3.1/../../../../arm-none-eabi/lib/thumb/v7-m/nofp\libc_nano.a
END GROUP
START GROUP
LOAD c:/st/stm32cubeide_1.10.1/stm32cubeide/plugins/com.st.stm32cube.ide.mcu.externaltools.gnu-tools-for-stm32.10.3-2021.10.win32_1.0.0.202111181127/tools/bin/../lib/gcc/arm-none-eabi/10.3.1/thumb/v7-m/nofp\libgcc.a
LOAD c:/st/stm32cubeide_1.10.1/stm32cubeide/plugins/com.st.stm32cube.ide.mcu.externaltools.gnu-tools-for-stm32.10.3-2021.10.win32_1.0.0.202111181127/tools/bin/../lib/gcc/arm-none-eabi/10.3.1/../../../../arm-none-eabi/lib/thumb/v7-m/nofp\libc_nano.a
LOAD c:/st/stm32cubeide_1.10.1/stm32cubeide/plugins/com.st.stm32cube.ide.mcu.externaltools.gnu-tools-for-stm32.10.3-2021.10.win32_1.0.0.202111181127/tools/bin/../lib/gcc/arm-none-eabi/10.3.1/../../../../arm-none-eabi/lib/thumb/v7-m/nofp\libnosys.a
END GROUP
START GROUP
LOAD c:/st/stm32cubeide_1.10.1/stm32cubeide/plugins/com.st.stm32cube.ide.mcu.externaltools.gnu-tools-for-stm32.10.3-2021.10.win32_1.0.0.202111181127/tools/bin/../lib/gcc/arm-none-eabi/10.3.1/thumb/v7-m/nofp\libgcc.a
LOAD c:/st/stm32cubeide_1.10.1/stm32cubeide/plugins/com.st.stm32cube.ide.mcu.externaltools.gnu-tools-for-stm32.10.3-2021.10.win32_1.0.0.202111181127/tools/bin/../lib/gcc/arm-none-eabi/10.3.1/../../../../arm-none-eabi/lib/thumb/v7-m/nofp\libc_nano.a
LOAD c:/st/stm32cubeide_1.10.1/stm32cubeide/plugins/com.st.stm32cube.ide.mcu.externaltools.gnu-tools-for-stm32.10.3-2021.10.win32_1.0.0.202111181127/tools/bin/../lib/gcc/arm-none-eabi/10.3.1/../../../../arm-none-eabi/lib/thumb/v7-m/nofp\libnosys.a
END GROUP
LOAD c:/st/stm32cubeide_1.10.1/stm32cubeide/plugins/com.st.stm32cube.ide.mcu.externaltools.gnu-tools-for-stm32.10.3-2021.10.win32_1.0.0.202111181127/tools/bin/../lib/gcc/arm-none-eabi/10.3.1/thumb/v7-m/nofp/crtend.o
LOAD c:/st/stm32cubeide_1.10.1/stm32cubeide/plugins/com.st.stm32cube.ide.mcu.externaltools.gnu-tools-for-stm32.10.3-2021.10.win32_1.0.0.202111181127/tools/bin/../lib/gcc/arm-none-eabi/10.3.1/thumb/v7-m/nofp/crtn.o
                0x0000000020002800                _estack = (ORIGIN (RAM) + LENGTH (RAM))
                0x0000000000000200                _Min_Heap_Size = 0x200
                0x0000000000000400                _Min_Stack_Size = 0x400

.isr_vector     0x0000000008000000      0x10c
                0x0000000008000000                . = ALIGN (0x4)
 *(.isr_vector)
 .isr_vector    0x0000000008000000      0x10c ./Core/Startup/startup_stm32f103c6ux.o
                0x0000000008000000                g_pfnVectors
                0x000000000800010c                . = ALIGN (0x4)

.text           0x000000000800010c     0x2c98
                0x000000000800010c                . = ALIGN (0x4)
 *(.text)
 .text          0x000000000800010c       0x40 c:/st/stm32cubeide_1.10.1/stm32cubeide/plugins/com.st.stm32cube.ide.mcu.externaltools.gnu-tools-for-stm32.10.3-2021.10.win32_1.0.0.202111181127/tools/bin/../lib/gcc/arm-none-eabi/10.3.1/thumb/v7-m/nofp/crtbegin.o
 *(.text*)
 .text.fsm_ledBlinky_run
                0x000000000800014c       0x90 ./Core/Src/LedBlinky.o
                0x000000000800014c                fsm_ledBlinky_run
 .text.subKeyProcess
                0x00000000080001dc       0x18 ./Core/Src/button.o
                0x00000000080001dc                subKeyProcess
 .text.subKeyProcess1
                0x00000000080001f4       0x18 ./Core/Src/button.o
                0x00000000080001f4                subKeyProcess1
 .text.subKeyProcess2
                0x000000000800020c       0x18 ./Core/Src/button.o
                0x000000000800020c                subKeyProcess2
 .text.getKeyInput
                0x0000000008000224       0xa0 ./Core/Src/button.o
                0x0000000008000224                getKeyInput
 .text.getKeyInput1
                0x00000000080002c4       0xb0 ./Core/Src/button.o
                0x00000000080002c4                getKeyInput1
 .text.getKeyInput2
                0x0000000008000374       0xb0 ./Core/Src/button.o
                0x0000000008000374                getKeyInput2
 .text.display7SEG
                0x0000000008000424      0x320 ./Core/Src/display7SEG.o
                0x0000000008000424                display7SEG
 .text.fsm_automatic_buttons_run
                0x0000000008000744      0x4a4 ./Core/Src/fsm_automatic_buttons_run.o
                0x0000000008000744                fsm_automatic_buttons_run
 .text.fsm_longpress_buttons_run
                0x0000000008000be8      0x22c ./Core/Src/fsm_longpress_buttons_run.o
                0x0000000008000be8                fsm_longpress_buttons_run
 .text.fsm_simple_buttons_run
                0x0000000008000e14      0x454 ./Core/Src/fsm_simple_buttons_run.o
                0x0000000008000e14                fsm_simple_buttons_run
 .text.main     0x0000000008001268       0x48 ./Core/Src/main.o
                0x0000000008001268                main
 .text.SystemClock_Config
                0x00000000080012b0       0x76 ./Core/Src/main.o
                0x00000000080012b0                SystemClock_Config
 *fill*         0x0000000008001326        0x2 
 .text.MX_TIM2_Init
                0x0000000008001328       0x98 ./Core/Src/main.o
 .text.MX_TIM3_Init
                0x00000000080013c0       0x9c ./Core/Src/main.o
 .text.MX_GPIO_Init
                0x000000000800145c       0x9c ./Core/Src/main.o
 .text.HAL_TIM_PeriodElapsedCallback
                0x00000000080014f8       0x20 ./Core/Src/main.o
                0x00000000080014f8                HAL_TIM_PeriodElapsedCallback
 .text.Error_Handler
                0x0000000008001518        0xa ./Core/Src/main.o
                0x0000000008001518                Error_Handler
 *fill*         0x0000000008001522        0x2 
 .text.setTimer2
                0x0000000008001524       0x28 ./Core/Src/software_timer.o
                0x0000000008001524                setTimer2
 .text.setTimer3
                0x000000000800154c       0x28 ./Core/Src/software_timer.o
                0x000000000800154c                setTimer3
 .text.timerRun
                0x0000000008001574       0x5c ./Core/Src/software_timer.o
                0x0000000008001574                timerRun
 .text.HAL_MspInit
                0x00000000080015d0       0x44 ./Core/Src/stm32f1xx_hal_msp.o
                0x00000000080015d0                HAL_MspInit
 .text.HAL_TIM_Base_MspInit
                0x0000000008001614       0x80 ./Core/Src/stm32f1xx_hal_msp.o
                0x0000000008001614                HAL_TIM_Base_MspInit
 .text.NMI_Handler
                0x0000000008001694        0x6 ./Core/Src/stm32f1xx_it.o
                0x0000000008001694                NMI_Handler
 .text.HardFault_Handler
                0x000000000800169a        0x6 ./Core/Src/stm32f1xx_it.o
                0x000000000800169a                HardFault_Handler
 .text.MemManage_Handler
                0x00000000080016a0        0x6 ./Core/Src/stm32f1xx_it.o
                0x00000000080016a0                MemManage_Handler
 .text.BusFault_Handler
                0x00000000080016a6        0x6 ./Core/Src/stm32f1xx_it.o
                0x00000000080016a6                BusFault_Handler
 .text.UsageFault_Handler
                0x00000000080016ac        0x6 ./Core/Src/stm32f1xx_it.o
                0x00000000080016ac                UsageFault_Handler
 .text.SVC_Handler
                0x00000000080016b2        0xc ./Core/Src/stm32f1xx_it.o
                0x00000000080016b2                SVC_Handler
 .text.DebugMon_Handler
                0x00000000080016be        0xc ./Core/Src/stm32f1xx_it.o
                0x00000000080016be                DebugMon_Handler
 .text.PendSV_Handler
                0x00000000080016ca        0xc ./Core/Src/stm32f1xx_it.o
                0x00000000080016ca                PendSV_Handler
 .text.SysTick_Handler
                0x00000000080016d6        0xc ./Core/Src/stm32f1xx_it.o
                0x00000000080016d6                SysTick_Handler
 *fill*         0x00000000080016e2        0x2 
 .text.TIM2_IRQHandler
                0x00000000080016e4       0x14 ./Core/Src/stm32f1xx_it.o
                0x00000000080016e4                TIM2_IRQHandler
 .text.TIM3_IRQHandler
                0x00000000080016f8       0x14 ./Core/Src/stm32f1xx_it.o
                0x00000000080016f8                TIM3_IRQHandler
 .text.SystemInit
                0x000000000800170c        0xc ./Core/Src/system_stm32f1xx.o
                0x000000000800170c                SystemInit
 .text.Reset_Handler
                0x0000000008001718       0x48 ./Core/Startup/startup_stm32f103c6ux.o
                0x0000000008001718                Reset_Handler
 .text.Default_Handler
                0x0000000008001760        0x2 ./Core/Startup/startup_stm32f103c6ux.o
                0x0000000008001760                RTC_Alarm_IRQHandler
                0x0000000008001760                EXTI2_IRQHandler
                0x0000000008001760                TIM1_CC_IRQHandler
                0x0000000008001760                PVD_IRQHandler
                0x0000000008001760                EXTI3_IRQHandler
                0x0000000008001760                EXTI0_IRQHandler
                0x0000000008001760                ADC1_2_IRQHandler
                0x0000000008001760                SPI1_IRQHandler
                0x0000000008001760                TAMPER_IRQHandler
                0x0000000008001760                DMA1_Channel4_IRQHandler
                0x0000000008001760                RTC_IRQHandler
                0x0000000008001760                DMA1_Channel7_IRQHandler
                0x0000000008001760                CAN1_RX1_IRQHandler
                0x0000000008001760                I2C1_EV_IRQHandler
                0x0000000008001760                DMA1_Channel6_IRQHandler
                0x0000000008001760                RCC_IRQHandler
                0x0000000008001760                TIM1_TRG_COM_IRQHandler
                0x0000000008001760                DMA1_Channel1_IRQHandler
                0x0000000008001760                Default_Handler
                0x0000000008001760                EXTI15_10_IRQHandler
                0x0000000008001760                EXTI9_5_IRQHandler
                0x0000000008001760                DMA1_Channel5_IRQHandler
                0x0000000008001760                EXTI4_IRQHandler
                0x0000000008001760                USB_LP_CAN1_RX0_IRQHandler
                0x0000000008001760                USB_HP_CAN1_TX_IRQHandler
                0x0000000008001760                DMA1_Channel3_IRQHandler
                0x0000000008001760                TIM1_UP_IRQHandler
                0x0000000008001760                WWDG_IRQHandler
                0x0000000008001760                TIM1_BRK_IRQHandler
                0x0000000008001760                EXTI1_IRQHandler
                0x0000000008001760                USART2_IRQHandler
                0x0000000008001760                DMA1_Channel2_IRQHandler
                0x0000000008001760                CAN1_SCE_IRQHandler
                0x0000000008001760                FLASH_IRQHandler
                0x0000000008001760                USART1_IRQHandler
                0x0000000008001760                I2C1_ER_IRQHandler
                0x0000000008001760                USBWakeUp_IRQHandler
 *fill*         0x0000000008001762        0x2 
 .text.HAL_Init
                0x0000000008001764       0x2c ./Drivers/STM32F1xx_HAL_Driver/Src/stm32f1xx_hal.o
                0x0000000008001764                HAL_Init
 .text.HAL_InitTick
                0x0000000008001790       0x60 ./Drivers/STM32F1xx_HAL_Driver/Src/stm32f1xx_hal.o
                0x0000000008001790                HAL_InitTick
 .text.HAL_IncTick
                0x00000000080017f0       0x24 ./Drivers/STM32F1xx_HAL_Driver/Src/stm32f1xx_hal.o
                0x00000000080017f0                HAL_IncTick
 .text.HAL_GetTick
                0x0000000008001814       0x14 ./Drivers/STM32F1xx_HAL_Driver/Src/stm32f1xx_hal.o
                0x0000000008001814                HAL_GetTick
 .text.__NVIC_SetPriorityGrouping
                0x0000000008001828       0x48 ./Drivers/STM32F1xx_HAL_Driver/Src/stm32f1xx_hal_cortex.o
 .text.__NVIC_GetPriorityGrouping
                0x0000000008001870       0x1c ./Drivers/STM32F1xx_HAL_Driver/Src/stm32f1xx_hal_cortex.o
 .text.__NVIC_EnableIRQ
                0x000000000800188c       0x38 ./Drivers/STM32F1xx_HAL_Driver/Src/stm32f1xx_hal_cortex.o
 .text.__NVIC_SetPriority
                0x00000000080018c4       0x54 ./Drivers/STM32F1xx_HAL_Driver/Src/stm32f1xx_hal_cortex.o
 .text.NVIC_EncodePriority
                0x0000000008001918       0x64 ./Drivers/STM32F1xx_HAL_Driver/Src/stm32f1xx_hal_cortex.o
 .text.SysTick_Config
                0x000000000800197c       0x44 ./Drivers/STM32F1xx_HAL_Driver/Src/stm32f1xx_hal_cortex.o
 .text.HAL_NVIC_SetPriorityGrouping
                0x00000000080019c0       0x16 ./Drivers/STM32F1xx_HAL_Driver/Src/stm32f1xx_hal_cortex.o
                0x00000000080019c0                HAL_NVIC_SetPriorityGrouping
 .text.HAL_NVIC_SetPriority
                0x00000000080019d6       0x38 ./Drivers/STM32F1xx_HAL_Driver/Src/stm32f1xx_hal_cortex.o
                0x00000000080019d6                HAL_NVIC_SetPriority
 .text.HAL_NVIC_EnableIRQ
                0x0000000008001a0e       0x1c ./Drivers/STM32F1xx_HAL_Driver/Src/stm32f1xx_hal_cortex.o
                0x0000000008001a0e                HAL_NVIC_EnableIRQ
 .text.HAL_SYSTICK_Config
                0x0000000008001a2a       0x18 ./Drivers/STM32F1xx_HAL_Driver/Src/stm32f1xx_hal_cortex.o
                0x0000000008001a2a                HAL_SYSTICK_Config
 *fill*         0x0000000008001a42        0x2 
 .text.HAL_GPIO_Init
                0x0000000008001a44      0x2f8 ./Drivers/STM32F1xx_HAL_Driver/Src/stm32f1xx_hal_gpio.o
                0x0000000008001a44                HAL_GPIO_Init
 .text.HAL_GPIO_ReadPin
                0x0000000008001d3c       0x2e ./Drivers/STM32F1xx_HAL_Driver/Src/stm32f1xx_hal_gpio.o
                0x0000000008001d3c                HAL_GPIO_ReadPin
 .text.HAL_GPIO_WritePin
                0x0000000008001d6a       0x30 ./Drivers/STM32F1xx_HAL_Driver/Src/stm32f1xx_hal_gpio.o
                0x0000000008001d6a                HAL_GPIO_WritePin
 *fill*         0x0000000008001d9a        0x2 
 .text.HAL_RCC_OscConfig
                0x0000000008001d9c      0x504 ./Drivers/STM32F1xx_HAL_Driver/Src/stm32f1xx_hal_rcc.o
                0x0000000008001d9c                HAL_RCC_OscConfig
 .text.HAL_RCC_ClockConfig
                0x00000000080022a0      0x1d4 ./Drivers/STM32F1xx_HAL_Driver/Src/stm32f1xx_hal_rcc.o
                0x00000000080022a0                HAL_RCC_ClockConfig
 .text.HAL_RCC_GetSysClockFreq
                0x0000000008002474       0xbc ./Drivers/STM32F1xx_HAL_Driver/Src/stm32f1xx_hal_rcc.o
                0x0000000008002474                HAL_RCC_GetSysClockFreq
 .text.RCC_Delay
                0x0000000008002530       0x3c ./Drivers/STM32F1xx_HAL_Driver/Src/stm32f1xx_hal_rcc.o
 .text.HAL_TIM_Base_Init
                0x000000000800256c       0x9e ./Drivers/STM32F1xx_HAL_Driver/Src/stm32f1xx_hal_tim.o
                0x000000000800256c                HAL_TIM_Base_Init
 *fill*         0x000000000800260a        0x2 
 .text.HAL_TIM_Base_Start_IT
                0x000000000800260c       0x98 ./Drivers/STM32F1xx_HAL_Driver/Src/stm32f1xx_hal_tim.o
                0x000000000800260c                HAL_TIM_Base_Start_IT
 .text.HAL_TIM_IRQHandler
                0x00000000080026a4      0x210 ./Drivers/STM32F1xx_HAL_Driver/Src/stm32f1xx_hal_tim.o
                0x00000000080026a4                HAL_TIM_IRQHandler
 .text.HAL_TIM_ConfigClockSource
                0x00000000080028b4      0x188 ./Drivers/STM32F1xx_HAL_Driver/Src/stm32f1xx_hal_tim.o
                0x00000000080028b4                HAL_TIM_ConfigClockSource
 .text.HAL_TIM_OC_DelayElapsedCallback
                0x0000000008002a3c       0x12 ./Drivers/STM32F1xx_HAL_Driver/Src/stm32f1xx_hal_tim.o
                0x0000000008002a3c                HAL_TIM_OC_DelayElapsedCallback
 .text.HAL_TIM_IC_CaptureCallback
                0x0000000008002a4e       0x12 ./Drivers/STM32F1xx_HAL_Driver/Src/stm32f1xx_hal_tim.o
                0x0000000008002a4e                HAL_TIM_IC_CaptureCallback
 .text.HAL_TIM_PWM_PulseFinishedCallback
                0x0000000008002a60       0x12 ./Drivers/STM32F1xx_HAL_Driver/Src/stm32f1xx_hal_tim.o
                0x0000000008002a60                HAL_TIM_PWM_PulseFinishedCallback
 .text.HAL_TIM_TriggerCallback
                0x0000000008002a72       0x12 ./Drivers/STM32F1xx_HAL_Driver/Src/stm32f1xx_hal_tim.o
                0x0000000008002a72                HAL_TIM_TriggerCallback
 .text.TIM_Base_SetConfig
                0x0000000008002a84       0xb0 ./Drivers/STM32F1xx_HAL_Driver/Src/stm32f1xx_hal_tim.o
                0x0000000008002a84                TIM_Base_SetConfig
 .text.TIM_TI1_ConfigInputStage
                0x0000000008002b34       0x5c ./Drivers/STM32F1xx_HAL_Driver/Src/stm32f1xx_hal_tim.o
 .text.TIM_TI2_ConfigInputStage
                0x0000000008002b90       0x5e ./Drivers/STM32F1xx_HAL_Driver/Src/stm32f1xx_hal_tim.o
 .text.TIM_ITRx_SetConfig
                0x0000000008002bee       0x34 ./Drivers/STM32F1xx_HAL_Driver/Src/stm32f1xx_hal_tim.o
 .text.TIM_ETR_SetConfig
                0x0000000008002c22       0x3e ./Drivers/STM32F1xx_HAL_Driver/Src/stm32f1xx_hal_tim.o
                0x0000000008002c22                TIM_ETR_SetConfig
 .text.HAL_TIMEx_MasterConfigSynchronization
                0x0000000008002c60       0xb0 ./Drivers/STM32F1xx_HAL_Driver/Src/stm32f1xx_hal_tim_ex.o
                0x0000000008002c60                HAL_TIMEx_MasterConfigSynchronization
 .text.HAL_TIMEx_CommutCallback
                0x0000000008002d10       0x12 ./Drivers/STM32F1xx_HAL_Driver/Src/stm32f1xx_hal_tim_ex.o
                0x0000000008002d10                HAL_TIMEx_CommutCallback
 .text.HAL_TIMEx_BreakCallback
                0x0000000008002d22       0x12 ./Drivers/STM32F1xx_HAL_Driver/Src/stm32f1xx_hal_tim_ex.o
                0x0000000008002d22                HAL_TIMEx_BreakCallback
 .text.__libc_init_array
                0x0000000008002d34       0x48 c:/st/stm32cubeide_1.10.1/stm32cubeide/plugins/com.st.stm32cube.ide.mcu.externaltools.gnu-tools-for-stm32.10.3-2021.10.win32_1.0.0.202111181127/tools/bin/../lib/gcc/arm-none-eabi/10.3.1/../../../../arm-none-eabi/lib/thumb/v7-m/nofp\libc_nano.a(lib_a-init.o)
                0x0000000008002d34                __libc_init_array
 .text.memset   0x0000000008002d7c       0x10 c:/st/stm32cubeide_1.10.1/stm32cubeide/plugins/com.st.stm32cube.ide.mcu.externaltools.gnu-tools-for-stm32.10.3-2021.10.win32_1.0.0.202111181127/tools/bin/../lib/gcc/arm-none-eabi/10.3.1/../../../../arm-none-eabi/lib/thumb/v7-m/nofp\libc_nano.a(lib_a-memset.o)
                0x0000000008002d7c                memset
 *(.glue_7)
 .glue_7        0x0000000008002d8c        0x0 linker stubs
 *(.glue_7t)
 .glue_7t       0x0000000008002d8c        0x0 linker stubs
 *(.eh_frame)
 .eh_frame      0x0000000008002d8c        0x0 c:/st/stm32cubeide_1.10.1/stm32cubeide/plugins/com.st.stm32cube.ide.mcu.externaltools.gnu-tools-for-stm32.10.3-2021.10.win32_1.0.0.202111181127/tools/bin/../lib/gcc/arm-none-eabi/10.3.1/thumb/v7-m/nofp/crtbegin.o
 *(.init)
 .init          0x0000000008002d8c        0x4 c:/st/stm32cubeide_1.10.1/stm32cubeide/plugins/com.st.stm32cube.ide.mcu.externaltools.gnu-tools-for-stm32.10.3-2021.10.win32_1.0.0.202111181127/tools/bin/../lib/gcc/arm-none-eabi/10.3.1/thumb/v7-m/nofp/crti.o
                0x0000000008002d8c                _init
 .init          0x0000000008002d90        0x8 c:/st/stm32cubeide_1.10.1/stm32cubeide/plugins/com.st.stm32cube.ide.mcu.externaltools.gnu-tools-for-stm32.10.3-2021.10.win32_1.0.0.202111181127/tools/bin/../lib/gcc/arm-none-eabi/10.3.1/thumb/v7-m/nofp/crtn.o
 *(.fini)
 .fini          0x0000000008002d98        0x4 c:/st/stm32cubeide_1.10.1/stm32cubeide/plugins/com.st.stm32cube.ide.mcu.externaltools.gnu-tools-for-stm32.10.3-2021.10.win32_1.0.0.202111181127/tools/bin/../lib/gcc/arm-none-eabi/10.3.1/thumb/v7-m/nofp/crti.o
                0x0000000008002d98                _fini
 .fini          0x0000000008002d9c        0x8 c:/st/stm32cubeide_1.10.1/stm32cubeide/plugins/com.st.stm32cube.ide.mcu.externaltools.gnu-tools-for-stm32.10.3-2021.10.win32_1.0.0.202111181127/tools/bin/../lib/gcc/arm-none-eabi/10.3.1/thumb/v7-m/nofp/crtn.o
                0x0000000008002da4                . = ALIGN (0x4)
                0x0000000008002da4                _etext = .

.vfp11_veneer   0x0000000008002da4        0x0
 .vfp11_veneer  0x0000000008002da4        0x0 linker stubs

.v4_bx          0x0000000008002da4        0x0
 .v4_bx         0x0000000008002da4        0x0 linker stubs

.iplt           0x0000000008002da4        0x0
 .iplt          0x0000000008002da4        0x0 c:/st/stm32cubeide_1.10.1/stm32cubeide/plugins/com.st.stm32cube.ide.mcu.externaltools.gnu-tools-for-stm32.10.3-2021.10.win32_1.0.0.202111181127/tools/bin/../lib/gcc/arm-none-eabi/10.3.1/thumb/v7-m/nofp/crtbegin.o

.rodata         0x0000000008002da4       0x20
                0x0000000008002da4                . = ALIGN (0x4)
 *(.rodata)
 .rodata        0x0000000008002da4       0x10 ./Drivers/STM32F1xx_HAL_Driver/Src/stm32f1xx_hal_rcc.o
 *(.rodata*)
 .rodata.AHBPrescTable
                0x0000000008002db4       0x10 ./Core/Src/system_stm32f1xx.o
                0x0000000008002db4                AHBPrescTable
                0x0000000008002dc4                . = ALIGN (0x4)

.rel.dyn        0x0000000008002dc4        0x0
 .rel.iplt      0x0000000008002dc4        0x0 c:/st/stm32cubeide_1.10.1/stm32cubeide/plugins/com.st.stm32cube.ide.mcu.externaltools.gnu-tools-for-stm32.10.3-2021.10.win32_1.0.0.202111181127/tools/bin/../lib/gcc/arm-none-eabi/10.3.1/thumb/v7-m/nofp/crtbegin.o

.ARM.extab      0x0000000008002dc4        0x0
                0x0000000008002dc4                . = ALIGN (0x4)
 *(.ARM.extab* .gnu.linkonce.armextab.*)
                0x0000000008002dc4                . = ALIGN (0x4)

.ARM            0x0000000008002dc4        0x0
                0x0000000008002dc4                . = ALIGN (0x4)
                0x0000000008002dc4                __exidx_start = .
 *(.ARM.exidx*)
                0x0000000008002dc4                __exidx_end = .
                0x0000000008002dc4                . = ALIGN (0x4)

.preinit_array  0x0000000008002dc4        0x0
                0x0000000008002dc4                . = ALIGN (0x4)
                0x0000000008002dc4                PROVIDE (__preinit_array_start = .)
 *(.preinit_array*)
                0x0000000008002dc4                PROVIDE (__preinit_array_end = .)
                0x0000000008002dc4                . = ALIGN (0x4)

.init_array     0x0000000008002dc4        0x4
                0x0000000008002dc4                . = ALIGN (0x4)
                0x0000000008002dc4                PROVIDE (__init_array_start = .)
 *(SORT_BY_NAME(.init_array.*))
 *(.init_array*)
 .init_array    0x0000000008002dc4        0x4 c:/st/stm32cubeide_1.10.1/stm32cubeide/plugins/com.st.stm32cube.ide.mcu.externaltools.gnu-tools-for-stm32.10.3-2021.10.win32_1.0.0.202111181127/tools/bin/../lib/gcc/arm-none-eabi/10.3.1/thumb/v7-m/nofp/crtbegin.o
                0x0000000008002dc8                PROVIDE (__init_array_end = .)
                0x0000000008002dc8                . = ALIGN (0x4)

.fini_array     0x0000000008002dc8        0x4
                0x0000000008002dc8                . = ALIGN (0x4)
                [!provide]                        PROVIDE (__fini_array_start = .)
 *(SORT_BY_NAME(.fini_array.*))
 *(.fini_array*)
 .fini_array    0x0000000008002dc8        0x4 c:/st/stm32cubeide_1.10.1/stm32cubeide/plugins/com.st.stm32cube.ide.mcu.externaltools.gnu-tools-for-stm32.10.3-2021.10.win32_1.0.0.202111181127/tools/bin/../lib/gcc/arm-none-eabi/10.3.1/thumb/v7-m/nofp/crtbegin.o
                [!provide]                        PROVIDE (__fini_array_end = .)
                0x0000000008002dcc                . = ALIGN (0x4)
                0x0000000008002dcc                _sidata = LOADADDR (.data)

.data           0x0000000020000000       0x40 load address 0x0000000008002dcc
                0x0000000020000000                . = ALIGN (0x4)
                0x0000000020000000                _sdata = .
 *(.data)
 *(.data*)
 .data.KeyReg0  0x0000000020000000        0x4 ./Core/Src/button.o
                0x0000000020000000                KeyReg0
 .data.KeyReg1  0x0000000020000004        0x4 ./Core/Src/button.o
                0x0000000020000004                KeyReg1
 .data.KeyReg2  0x0000000020000008        0x4 ./Core/Src/button.o
                0x0000000020000008                KeyReg2
 .data.KeyReg4  0x000000002000000c        0x4 ./Core/Src/button.o
                0x000000002000000c                KeyReg4
 .data.KeyReg5  0x0000000020000010        0x4 ./Core/Src/button.o
                0x0000000020000010                KeyReg5
 .data.KeyReg6  0x0000000020000014        0x4 ./Core/Src/button.o
                0x0000000020000014                KeyReg6
 .data.KeyReg8  0x0000000020000018        0x4 ./Core/Src/button.o
                0x0000000020000018                KeyReg8
 .data.KeyReg9  0x000000002000001c        0x4 ./Core/Src/button.o
                0x000000002000001c                KeyReg9
 .data.KeyReg10
                0x0000000020000020        0x4 ./Core/Src/button.o
                0x0000000020000020                KeyReg10
 .data.KeyReg3  0x0000000020000024        0x4 ./Core/Src/button.o
                0x0000000020000024                KeyReg3
 .data.KeyReg7  0x0000000020000028        0x4 ./Core/Src/button.o
                0x0000000020000028                KeyReg7
 .data.KeyReg11
                0x000000002000002c        0x4 ./Core/Src/button.o
                0x000000002000002c                KeyReg11
 .data.TimerForKeyPress
                0x0000000020000030        0x4 ./Core/Src/button.o
                0x0000000020000030                TimerForKeyPress
 .data.SystemCoreClock
                0x0000000020000034        0x4 ./Core/Src/system_stm32f1xx.o
                0x0000000020000034                SystemCoreClock
 .data.uwTickPrio
                0x0000000020000038        0x4 ./Drivers/STM32F1xx_HAL_Driver/Src/stm32f1xx_hal.o
                0x0000000020000038                uwTickPrio
 .data.uwTickFreq
                0x000000002000003c        0x1 ./Drivers/STM32F1xx_HAL_Driver/Src/stm32f1xx_hal.o
                0x000000002000003c                uwTickFreq
 *(.RamFunc)
 *(.RamFunc*)
                0x0000000020000040                . = ALIGN (0x4)
 *fill*         0x000000002000003d        0x3 
                0x0000000020000040                _edata = .

.igot.plt       0x0000000020000040        0x0 load address 0x0000000008002e0c
 .igot.plt      0x0000000020000040        0x0 c:/st/stm32cubeide_1.10.1/stm32cubeide/plugins/com.st.stm32cube.ide.mcu.externaltools.gnu-tools-for-stm32.10.3-2021.10.win32_1.0.0.202111181127/tools/bin/../lib/gcc/arm-none-eabi/10.3.1/thumb/v7-m/nofp/crtbegin.o
                0x0000000020000040                . = ALIGN (0x4)

.bss            0x0000000020000040       0xd4 load address 0x0000000008002e0c
                0x0000000020000040                _sbss = .
                0x0000000020000040                __bss_start__ = _sbss
 *(.bss)
 .bss           0x0000000020000040       0x1c c:/st/stm32cubeide_1.10.1/stm32cubeide/plugins/com.st.stm32cube.ide.mcu.externaltools.gnu-tools-for-stm32.10.3-2021.10.win32_1.0.0.202111181127/tools/bin/../lib/gcc/arm-none-eabi/10.3.1/thumb/v7-m/nofp/crtbegin.o
 *(.bss*)
 .bss.RESET_flag
                0x000000002000005c        0x4 ./Core/Src/button.o
                0x000000002000005c                RESET_flag
 .bss.INC_flag  0x0000000020000060        0x4 ./Core/Src/button.o
                0x0000000020000060                INC_flag
 .bss.DEC_flag  0x0000000020000064        0x4 ./Core/Src/button.o
                0x0000000020000064                DEC_flag
 .bss.status    0x0000000020000068        0x4 ./Core/Src/global.o
                0x0000000020000068                status
 .bss.ledstatus
                0x000000002000006c        0x4 ./Core/Src/global.o
                0x000000002000006c                ledstatus
 .bss.htim2     0x0000000020000070       0x48 ./Core/Src/main.o
                0x0000000020000070                htim2
 .bss.htim3     0x00000000200000b8       0x48 ./Core/Src/main.o
                0x00000000200000b8                htim3
 .bss.timer2_counter
                0x0000000020000100        0x4 ./Core/Src/software_timer.o
                0x0000000020000100                timer2_counter
 .bss.timer3_counter
                0x0000000020000104        0x4 ./Core/Src/software_timer.o
                0x0000000020000104                timer3_counter
 .bss.timer2_flag
                0x0000000020000108        0x4 ./Core/Src/software_timer.o
                0x0000000020000108                timer2_flag
 .bss.timer3_flag
                0x000000002000010c        0x4 ./Core/Src/software_timer.o
                0x000000002000010c                timer3_flag
 .bss.uwTick    0x0000000020000110        0x4 ./Drivers/STM32F1xx_HAL_Driver/Src/stm32f1xx_hal.o
                0x0000000020000110                uwTick
 *(COMMON)
                0x0000000020000114                . = ALIGN (0x4)
                0x0000000020000114                _ebss = .
                0x0000000020000114                __bss_end__ = _ebss

._user_heap_stack
                0x0000000020000114      0x604 load address 0x0000000008002e0c
                0x0000000020000118                . = ALIGN (0x8)
 *fill*         0x0000000020000114        0x4 
                [!provide]                        PROVIDE (end = .)
                0x0000000020000118                PROVIDE (_end = .)
                0x0000000020000318                . = (. + _Min_Heap_Size)
 *fill*         0x0000000020000118      0x200 
                0x0000000020000718                . = (. + _Min_Stack_Size)
 *fill*         0x0000000020000318      0x400 
                0x0000000020000718                . = ALIGN (0x8)

/DISCARD/
 libc.a(*)
 libm.a(*)
 libgcc.a(*)

.ARM.attributes
                0x0000000000000000       0x29
 *(.ARM.attributes)
 .ARM.attributes
                0x0000000000000000       0x1d c:/st/stm32cubeide_1.10.1/stm32cubeide/plugins/com.st.stm32cube.ide.mcu.externaltools.gnu-tools-for-stm32.10.3-2021.10.win32_1.0.0.202111181127/tools/bin/../lib/gcc/arm-none-eabi/10.3.1/thumb/v7-m/nofp/crti.o
 .ARM.attributes
                0x000000000000001d       0x2d c:/st/stm32cubeide_1.10.1/stm32cubeide/plugins/com.st.stm32cube.ide.mcu.externaltools.gnu-tools-for-stm32.10.3-2021.10.win32_1.0.0.202111181127/tools/bin/../lib/gcc/arm-none-eabi/10.3.1/thumb/v7-m/nofp/crtbegin.o
 .ARM.attributes
                0x000000000000004a       0x2d ./Core/Src/LedBlinky.o
 .ARM.attributes
                0x0000000000000077       0x2d ./Core/Src/button.o
 .ARM.attributes
                0x00000000000000a4       0x2d ./Core/Src/display7SEG.o
 .ARM.attributes
                0x00000000000000d1       0x2d ./Core/Src/fsm_automatic_buttons_run.o
 .ARM.attributes
                0x00000000000000fe       0x2d ./Core/Src/fsm_longpress_buttons_run.o
 .ARM.attributes
                0x000000000000012b       0x2d ./Core/Src/fsm_simple_buttons_run.o
 .ARM.attributes
                0x0000000000000158       0x2d ./Core/Src/global.o
 .ARM.attributes
                0x0000000000000185       0x2d ./Core/Src/main.o
 .ARM.attributes
                0x00000000000001b2       0x2d ./Core/Src/software_timer.o
 .ARM.attributes
                0x00000000000001df       0x2d ./Core/Src/stm32f1xx_hal_msp.o
 .ARM.attributes
                0x000000000000020c       0x2d ./Core/Src/stm32f1xx_it.o
 .ARM.attributes
                0x0000000000000239       0x2d ./Core/Src/system_stm32f1xx.o
 .ARM.attributes
                0x0000000000000266       0x21 ./Core/Startup/startup_stm32f103c6ux.o
 .ARM.attributes
                0x0000000000000287       0x2d ./Drivers/STM32F1xx_HAL_Driver/Src/stm32f1xx_hal.o
 .ARM.attributes
                0x00000000000002b4       0x2d ./Drivers/STM32F1xx_HAL_Driver/Src/stm32f1xx_hal_cortex.o
 .ARM.attributes
                0x00000000000002e1       0x2d ./Drivers/STM32F1xx_HAL_Driver/Src/stm32f1xx_hal_gpio.o
 .ARM.attributes
                0x000000000000030e       0x2d ./Drivers/STM32F1xx_HAL_Driver/Src/stm32f1xx_hal_rcc.o
 .ARM.attributes
                0x000000000000033b       0x2d ./Drivers/STM32F1xx_HAL_Driver/Src/stm32f1xx_hal_tim.o
 .ARM.attributes
                0x0000000000000368       0x2d ./Drivers/STM32F1xx_HAL_Driver/Src/stm32f1xx_hal_tim_ex.o
 .ARM.attributes
                0x0000000000000395       0x2d c:/st/stm32cubeide_1.10.1/stm32cubeide/plugins/com.st.stm32cube.ide.mcu.externaltools.gnu-tools-for-stm32.10.3-2021.10.win32_1.0.0.202111181127/tools/bin/../lib/gcc/arm-none-eabi/10.3.1/../../../../arm-none-eabi/lib/thumb/v7-m/nofp\libc_nano.a(lib_a-init.o)
 .ARM.attributes
                0x00000000000003c2       0x2d c:/st/stm32cubeide_1.10.1/stm32cubeide/plugins/com.st.stm32cube.ide.mcu.externaltools.gnu-tools-for-stm32.10.3-2021.10.win32_1.0.0.202111181127/tools/bin/../lib/gcc/arm-none-eabi/10.3.1/../../../../arm-none-eabi/lib/thumb/v7-m/nofp\libc_nano.a(lib_a-memset.o)
 .ARM.attributes
                0x00000000000003ef       0x1d c:/st/stm32cubeide_1.10.1/stm32cubeide/plugins/com.st.stm32cube.ide.mcu.externaltools.gnu-tools-for-stm32.10.3-2021.10.win32_1.0.0.202111181127/tools/bin/../lib/gcc/arm-none-eabi/10.3.1/thumb/v7-m/nofp/crtn.o
OUTPUT(Midterm_Exam.elf elf32-littlearm)
LOAD linker stubs
LOAD c:/st/stm32cubeide_1.10.1/stm32cubeide/plugins/com.st.stm32cube.ide.mcu.externaltools.gnu-tools-for-stm32.10.3-2021.10.win32_1.0.0.202111181127/tools/bin/../lib/gcc/arm-none-eabi/10.3.1/../../../../arm-none-eabi/lib/thumb/v7-m/nofp\libc.a
LOAD c:/st/stm32cubeide_1.10.1/stm32cubeide/plugins/com.st.stm32cube.ide.mcu.externaltools.gnu-tools-for-stm32.10.3-2021.10.win32_1.0.0.202111181127/tools/bin/../lib/gcc/arm-none-eabi/10.3.1/../../../../arm-none-eabi/lib/thumb/v7-m/nofp\libm.a
LOAD c:/st/stm32cubeide_1.10.1/stm32cubeide/plugins/com.st.stm32cube.ide.mcu.externaltools.gnu-tools-for-stm32.10.3-2021.10.win32_1.0.0.202111181127/tools/bin/../lib/gcc/arm-none-eabi/10.3.1/thumb/v7-m/nofp\libgcc.a

.debug_info     0x0000000000000000     0x88e7
 .debug_info    0x0000000000000000      0x1ab ./Core/Src/LedBlinky.o
 .debug_info    0x00000000000001ab      0x312 ./Core/Src/button.o
 .debug_info    0x00000000000004bd      0x191 ./Core/Src/display7SEG.o
 .debug_info    0x000000000000064e       0xf5 ./Core/Src/fsm_automatic_buttons_run.o
 .debug_info    0x0000000000000743       0xd1 ./Core/Src/fsm_longpress_buttons_run.o
 .debug_info    0x0000000000000814       0xe9 ./Core/Src/fsm_simple_buttons_run.o
 .debug_info    0x00000000000008fd       0xa3 ./Core/Src/global.o
 .debug_info    0x00000000000009a0      0xc8b ./Core/Src/main.o
 .debug_info    0x000000000000162b       0xe3 ./Core/Src/software_timer.o
 .debug_info    0x000000000000170e      0x8f4 ./Core/Src/stm32f1xx_hal_msp.o
 .debug_info    0x0000000000002002      0x708 ./Core/Src/stm32f1xx_it.o
 .debug_info    0x000000000000270a      0x23d ./Core/Src/system_stm32f1xx.o
 .debug_info    0x0000000000002947       0x22 ./Core/Startup/startup_stm32f103c6ux.o
 .debug_info    0x0000000000002969      0x716 ./Drivers/STM32F1xx_HAL_Driver/Src/stm32f1xx_hal.o
 .debug_info    0x000000000000307f      0xb02 ./Drivers/STM32F1xx_HAL_Driver/Src/stm32f1xx_hal_cortex.o
 .debug_info    0x0000000000003b81      0x615 ./Drivers/STM32F1xx_HAL_Driver/Src/stm32f1xx_hal_gpio.o
 .debug_info    0x0000000000004196      0x860 ./Drivers/STM32F1xx_HAL_Driver/Src/stm32f1xx_hal_rcc.o
 .debug_info    0x00000000000049f6     0x29de ./Drivers/STM32F1xx_HAL_Driver/Src/stm32f1xx_hal_tim.o
 .debug_info    0x00000000000073d4     0x1513 ./Drivers/STM32F1xx_HAL_Driver/Src/stm32f1xx_hal_tim_ex.o

.debug_abbrev   0x0000000000000000     0x1a92
 .debug_abbrev  0x0000000000000000       0xef ./Core/Src/LedBlinky.o
 .debug_abbrev  0x00000000000000ef      0x12b ./Core/Src/button.o
 .debug_abbrev  0x000000000000021a       0xef ./Core/Src/display7SEG.o
 .debug_abbrev  0x0000000000000309       0x74 ./Core/Src/fsm_automatic_buttons_run.o
 .debug_abbrev  0x000000000000037d       0x74 ./Core/Src/fsm_longpress_buttons_run.o
 .debug_abbrev  0x00000000000003f1       0x74 ./Core/Src/fsm_simple_buttons_run.o
 .debug_abbrev  0x0000000000000465       0x4b ./Core/Src/global.o
 .debug_abbrev  0x00000000000004b0      0x2af ./Core/Src/main.o
 .debug_abbrev  0x000000000000075f       0xb6 ./Core/Src/software_timer.o
 .debug_abbrev  0x0000000000000815      0x19f ./Core/Src/stm32f1xx_hal_msp.o
 .debug_abbrev  0x00000000000009b4      0x184 ./Core/Src/stm32f1xx_it.o
 .debug_abbrev  0x0000000000000b38      0x13b ./Core/Src/system_stm32f1xx.o
 .debug_abbrev  0x0000000000000c73       0x12 ./Core/Startup/startup_stm32f103c6ux.o
 .debug_abbrev  0x0000000000000c85      0x1fb ./Drivers/STM32F1xx_HAL_Driver/Src/stm32f1xx_hal.o
 .debug_abbrev  0x0000000000000e80      0x2ed ./Drivers/STM32F1xx_HAL_Driver/Src/stm32f1xx_hal_cortex.o
 .debug_abbrev  0x000000000000116d      0x1bb ./Drivers/STM32F1xx_HAL_Driver/Src/stm32f1xx_hal_gpio.o
 .debug_abbrev  0x0000000000001328      0x2a8 ./Drivers/STM32F1xx_HAL_Driver/Src/stm32f1xx_hal_rcc.o
 .debug_abbrev  0x00000000000015d0      0x25d ./Drivers/STM32F1xx_HAL_Driver/Src/stm32f1xx_hal_tim.o
 .debug_abbrev  0x000000000000182d      0x265 ./Drivers/STM32F1xx_HAL_Driver/Src/stm32f1xx_hal_tim_ex.o

.debug_aranges  0x0000000000000000      0xa70
 .debug_aranges
                0x0000000000000000       0x20 ./Core/Src/LedBlinky.o
 .debug_aranges
                0x0000000000000020       0x48 ./Core/Src/button.o
 .debug_aranges
                0x0000000000000068       0x20 ./Core/Src/display7SEG.o
 .debug_aranges
                0x0000000000000088       0x20 ./Core/Src/fsm_automatic_buttons_run.o
 .debug_aranges
                0x00000000000000a8       0x20 ./Core/Src/fsm_longpress_buttons_run.o
 .debug_aranges
                0x00000000000000c8       0x20 ./Core/Src/fsm_simple_buttons_run.o
 .debug_aranges
                0x00000000000000e8       0x18 ./Core/Src/global.o
 .debug_aranges
                0x0000000000000100       0x50 ./Core/Src/main.o
 .debug_aranges
                0x0000000000000150       0x30 ./Core/Src/software_timer.o
 .debug_aranges
                0x0000000000000180       0x30 ./Core/Src/stm32f1xx_hal_msp.o
 .debug_aranges
                0x00000000000001b0       0x70 ./Core/Src/stm32f1xx_it.o
 .debug_aranges
                0x0000000000000220       0x28 ./Core/Src/system_stm32f1xx.o
 .debug_aranges
                0x0000000000000248       0x28 ./Core/Startup/startup_stm32f103c6ux.o
 .debug_aranges
                0x0000000000000270       0xe0 ./Drivers/STM32F1xx_HAL_Driver/Src/stm32f1xx_hal.o
 .debug_aranges
                0x0000000000000350      0x100 ./Drivers/STM32F1xx_HAL_Driver/Src/stm32f1xx_hal_cortex.o
 .debug_aranges
                0x0000000000000450       0x58 ./Drivers/STM32F1xx_HAL_Driver/Src/stm32f1xx_hal_gpio.o
 .debug_aranges
                0x00000000000004a8       0x90 ./Drivers/STM32F1xx_HAL_Driver/Src/stm32f1xx_hal_rcc.o
 .debug_aranges
                0x0000000000000538      0x3d0 ./Drivers/STM32F1xx_HAL_Driver/Src/stm32f1xx_hal_tim.o
 .debug_aranges
                0x0000000000000908      0x168 ./Drivers/STM32F1xx_HAL_Driver/Src/stm32f1xx_hal_tim_ex.o

.debug_ranges   0x0000000000000000      0x940
 .debug_ranges  0x0000000000000000       0x10 ./Core/Src/LedBlinky.o
 .debug_ranges  0x0000000000000010       0x38 ./Core/Src/button.o
 .debug_ranges  0x0000000000000048       0x10 ./Core/Src/display7SEG.o
 .debug_ranges  0x0000000000000058       0x10 ./Core/Src/fsm_automatic_buttons_run.o
 .debug_ranges  0x0000000000000068       0x10 ./Core/Src/fsm_longpress_buttons_run.o
 .debug_ranges  0x0000000000000078       0x10 ./Core/Src/fsm_simple_buttons_run.o
 .debug_ranges  0x0000000000000088       0x40 ./Core/Src/main.o
 .debug_ranges  0x00000000000000c8       0x20 ./Core/Src/software_timer.o
 .debug_ranges  0x00000000000000e8       0x20 ./Core/Src/stm32f1xx_hal_msp.o
 .debug_ranges  0x0000000000000108       0x60 ./Core/Src/stm32f1xx_it.o
 .debug_ranges  0x0000000000000168       0x18 ./Core/Src/system_stm32f1xx.o
 .debug_ranges  0x0000000000000180       0x20 ./Core/Startup/startup_stm32f103c6ux.o
 .debug_ranges  0x00000000000001a0       0xd0 ./Drivers/STM32F1xx_HAL_Driver/Src/stm32f1xx_hal.o
 .debug_ranges  0x0000000000000270       0xf0 ./Drivers/STM32F1xx_HAL_Driver/Src/stm32f1xx_hal_cortex.o
 .debug_ranges  0x0000000000000360       0x48 ./Drivers/STM32F1xx_HAL_Driver/Src/stm32f1xx_hal_gpio.o
 .debug_ranges  0x00000000000003a8       0x80 ./Drivers/STM32F1xx_HAL_Driver/Src/stm32f1xx_hal_rcc.o
 .debug_ranges  0x0000000000000428      0x3c0 ./Drivers/STM32F1xx_HAL_Driver/Src/stm32f1xx_hal_tim.o
 .debug_ranges  0x00000000000007e8      0x158 ./Drivers/STM32F1xx_HAL_Driver/Src/stm32f1xx_hal_tim_ex.o

.debug_macro    0x0000000000000000    0x1704b
 .debug_macro   0x0000000000000000      0x1d9 ./Core/Src/LedBlinky.o
 .debug_macro   0x00000000000001d9      0xa6c ./Core/Src/LedBlinky.o
 .debug_macro   0x0000000000000c45      0x215 ./Core/Src/LedBlinky.o
 .debug_macro   0x0000000000000e5a       0x2e ./Core/Src/LedBlinky.o
 .debug_macro   0x0000000000000e88       0x22 ./Core/Src/LedBlinky.o
 .debug_macro   0x0000000000000eaa       0x22 ./Core/Src/LedBlinky.o
 .debug_macro   0x0000000000000ecc       0x8e ./Core/Src/LedBlinky.o
 .debug_macro   0x0000000000000f5a       0x51 ./Core/Src/LedBlinky.o
 .debug_macro   0x0000000000000fab      0x103 ./Core/Src/LedBlinky.o
 .debug_macro   0x00000000000010ae       0x6a ./Core/Src/LedBlinky.o
 .debug_macro   0x0000000000001118      0x1df ./Core/Src/LedBlinky.o
 .debug_macro   0x00000000000012f7       0x1c ./Core/Src/LedBlinky.o
 .debug_macro   0x0000000000001313       0x22 ./Core/Src/LedBlinky.o
 .debug_macro   0x0000000000001335       0xbd ./Core/Src/LedBlinky.o
 .debug_macro   0x00000000000013f2      0xd23 ./Core/Src/LedBlinky.o
 .debug_macro   0x0000000000002115     0xde75 ./Core/Src/LedBlinky.o
 .debug_macro   0x000000000000ff8a       0x6d ./Core/Src/LedBlinky.o
 .debug_macro   0x000000000000fff7     0x3468 ./Core/Src/LedBlinky.o
 .debug_macro   0x000000000001345f      0x174 ./Core/Src/LedBlinky.o
 .debug_macro   0x00000000000135d3       0x5c ./Core/Src/LedBlinky.o
 .debug_macro   0x000000000001362f      0x5be ./Core/Src/LedBlinky.o
 .debug_macro   0x0000000000013bed      0x1b7 ./Core/Src/LedBlinky.o
 .debug_macro   0x0000000000013da4      0x1cb ./Core/Src/LedBlinky.o
 .debug_macro   0x0000000000013f6f      0x114 ./Core/Src/LedBlinky.o
 .debug_macro   0x0000000000014083      0x1b2 ./Core/Src/LedBlinky.o
 .debug_macro   0x0000000000014235       0x27 ./Core/Src/LedBlinky.o
 .debug_macro   0x000000000001425c      0x12f ./Core/Src/LedBlinky.o
 .debug_macro   0x000000000001438b      0x1bc ./Core/Src/LedBlinky.o
 .debug_macro   0x0000000000014547       0x34 ./Core/Src/LedBlinky.o
 .debug_macro   0x000000000001457b       0x3c ./Core/Src/LedBlinky.o
 .debug_macro   0x00000000000145b7       0x57 ./Core/Src/LedBlinky.o
 .debug_macro   0x000000000001460e       0x88 ./Core/Src/LedBlinky.o
 .debug_macro   0x0000000000014696      0x183 ./Core/Src/LedBlinky.o
 .debug_macro   0x0000000000014819      0x141 ./Core/Src/LedBlinky.o
 .debug_macro   0x000000000001495a      0x8d1 ./Core/Src/LedBlinky.o
 .debug_macro   0x000000000001522b       0x69 ./Core/Src/LedBlinky.o
 .debug_macro   0x0000000000015294       0x88 ./Core/Src/LedBlinky.o
 .debug_macro   0x000000000001531c       0x10 ./Core/Src/LedBlinky.o
 .debug_macro   0x000000000001532c       0xd0 ./Core/Src/LedBlinky.o
 .debug_macro   0x00000000000153fc      0x1b6 ./Core/Src/button.o
 .debug_macro   0x00000000000155b2      0x1b1 ./Core/Src/display7SEG.o
 .debug_macro   0x0000000000015763      0x1ef ./Core/Src/fsm_automatic_buttons_run.o
 .debug_macro   0x0000000000015952      0x1f1 ./Core/Src/fsm_longpress_buttons_run.o
 .debug_macro   0x0000000000015b43      0x1e7 ./Core/Src/fsm_simple_buttons_run.o
 .debug_macro   0x0000000000015d2a      0x1cf ./Core/Src/global.o
 .debug_macro   0x0000000000015ef9      0x215 ./Core/Src/main.o
 .debug_macro   0x000000000001610e       0x1b ./Core/Src/software_timer.o
 .debug_macro   0x0000000000016129      0x1a7 ./Core/Src/stm32f1xx_hal_msp.o
 .debug_macro   0x00000000000162d0      0x1b1 ./Core/Src/stm32f1xx_it.o
 .debug_macro   0x0000000000016481      0x198 ./Core/Src/system_stm32f1xx.o
 .debug_macro   0x0000000000016619      0x1bc ./Drivers/STM32F1xx_HAL_Driver/Src/stm32f1xx_hal.o
 .debug_macro   0x00000000000167d5      0x198 ./Drivers/STM32F1xx_HAL_Driver/Src/stm32f1xx_hal_cortex.o
 .debug_macro   0x000000000001696d      0x203 ./Drivers/STM32F1xx_HAL_Driver/Src/stm32f1xx_hal_gpio.o
 .debug_macro   0x0000000000016b70      0x1aa ./Drivers/STM32F1xx_HAL_Driver/Src/stm32f1xx_hal_rcc.o
 .debug_macro   0x0000000000016d1a      0x199 ./Drivers/STM32F1xx_HAL_Driver/Src/stm32f1xx_hal_tim.o
 .debug_macro   0x0000000000016eb3      0x198 ./Drivers/STM32F1xx_HAL_Driver/Src/stm32f1xx_hal_tim_ex.o

.debug_line     0x0000000000000000     0xc96e
 .debug_line    0x0000000000000000      0x6cb ./Core/Src/LedBlinky.o
 .debug_line    0x00000000000006cb      0x7a9 ./Core/Src/button.o
 .debug_line    0x0000000000000e74      0x6f5 ./Core/Src/display7SEG.o
 .debug_line    0x0000000000001569      0x91d ./Core/Src/fsm_automatic_buttons_run.o
 .debug_line    0x0000000000001e86      0x7f2 ./Core/Src/fsm_longpress_buttons_run.o
 .debug_line    0x0000000000002678      0x8fe ./Core/Src/fsm_simple_buttons_run.o
 .debug_line    0x0000000000002f76      0x662 ./Core/Src/global.o
 .debug_line    0x00000000000035d8      0x873 ./Core/Src/main.o
 .debug_line    0x0000000000003e4b       0xc9 ./Core/Src/software_timer.o
 .debug_line    0x0000000000003f14      0x6b7 ./Core/Src/stm32f1xx_hal_msp.o
 .debug_line    0x00000000000045cb      0x74c ./Core/Src/stm32f1xx_it.o
 .debug_line    0x0000000000004d17      0x6d8 ./Core/Src/system_stm32f1xx.o
 .debug_line    0x00000000000053ef       0x87 ./Core/Startup/startup_stm32f103c6ux.o
 .debug_line    0x0000000000005476      0x905 ./Drivers/STM32F1xx_HAL_Driver/Src/stm32f1xx_hal.o
 .debug_line    0x0000000000005d7b      0xaed ./Drivers/STM32F1xx_HAL_Driver/Src/stm32f1xx_hal_cortex.o
 .debug_line    0x0000000000006868      0x987 ./Drivers/STM32F1xx_HAL_Driver/Src/stm32f1xx_hal_gpio.o
 .debug_line    0x00000000000071ef      0xd13 ./Drivers/STM32F1xx_HAL_Driver/Src/stm32f1xx_hal_rcc.o
 .debug_line    0x0000000000007f02     0x3271 ./Drivers/STM32F1xx_HAL_Driver/Src/stm32f1xx_hal_tim.o
 .debug_line    0x000000000000b173     0x17fb ./Drivers/STM32F1xx_HAL_Driver/Src/stm32f1xx_hal_tim_ex.o

.debug_str      0x0000000000000000    0x8209d
 .debug_str     0x0000000000000000    0x7f3ca ./Core/Src/LedBlinky.o
                                      0x7f70d (size before relaxing)
 .debug_str     0x000000000007f3ca      0x108 ./Core/Src/button.o
                                      0x7f636 (size before relaxing)
 .debug_str     0x000000000007f4d2       0x3a ./Core/Src/display7SEG.o
                                      0x7f534 (size before relaxing)
 .debug_str     0x000000000007f50c       0x7a ./Core/Src/fsm_automatic_buttons_run.o
                                      0x7f6fe (size before relaxing)
 .debug_str     0x000000000007f586       0x64 ./Core/Src/fsm_longpress_buttons_run.o
                                      0x7f702 (size before relaxing)
 .debug_str     0x000000000007f5ea       0x5b ./Core/Src/fsm_simple_buttons_run.o
                                      0x7f6eb (size before relaxing)
 .debug_str     0x000000000007f645       0x15 ./Core/Src/global.o
                                      0x7f65c (size before relaxing)
 .debug_str     0x000000000007f65a      0x7b2 ./Core/Src/main.o
                                      0x80030 (size before relaxing)
 .debug_str     0x000000000007fe0c       0x44 ./Core/Src/software_timer.o
                                       0x2d15 (size before relaxing)
 .debug_str     0x000000000007fe50      0x2d2 ./Core/Src/stm32f1xx_hal_msp.o
                                      0x7fcd0 (size before relaxing)
 .debug_str     0x0000000000080122       0xfc ./Core/Src/stm32f1xx_it.o
                                      0x7fa4f (size before relaxing)
 .debug_str     0x000000000008021e       0x88 ./Core/Src/system_stm32f1xx.o
                                      0x7f378 (size before relaxing)
 .debug_str     0x00000000000802a6       0x36 ./Core/Startup/startup_stm32f103c6ux.o
                                         0x76 (size before relaxing)
 .debug_str     0x00000000000802dc      0x38e ./Drivers/STM32F1xx_HAL_Driver/Src/stm32f1xx_hal.o
                                      0x7fa71 (size before relaxing)
 .debug_str     0x000000000008066a      0x29e ./Drivers/STM32F1xx_HAL_Driver/Src/stm32f1xx_hal_cortex.o
                                      0x7f9bd (size before relaxing)
 .debug_str     0x0000000000080908      0x309 ./Drivers/STM32F1xx_HAL_Driver/Src/stm32f1xx_hal_gpio.o
                                      0x7f6fe (size before relaxing)
 .debug_str     0x0000000000080c11      0x229 ./Drivers/STM32F1xx_HAL_Driver/Src/stm32f1xx_hal_rcc.o
                                      0x7f7a7 (size before relaxing)
 .debug_str     0x0000000000080e3a      0xdd0 ./Drivers/STM32F1xx_HAL_Driver/Src/stm32f1xx_hal_tim.o
                                      0x80792 (size before relaxing)
 .debug_str     0x0000000000081c0a      0x493 ./Drivers/STM32F1xx_HAL_Driver/Src/stm32f1xx_hal_tim_ex.o
                                      0x7ffae (size before relaxing)

.comment        0x0000000000000000       0x50
 .comment       0x0000000000000000       0x50 ./Core/Src/LedBlinky.o
                                         0x51 (size before relaxing)
 .comment       0x0000000000000050       0x51 ./Core/Src/button.o
 .comment       0x0000000000000050       0x51 ./Core/Src/display7SEG.o
 .comment       0x0000000000000050       0x51 ./Core/Src/fsm_automatic_buttons_run.o
 .comment       0x0000000000000050       0x51 ./Core/Src/fsm_longpress_buttons_run.o
 .comment       0x0000000000000050       0x51 ./Core/Src/fsm_simple_buttons_run.o
 .comment       0x0000000000000050       0x51 ./Core/Src/global.o
 .comment       0x0000000000000050       0x51 ./Core/Src/main.o
 .comment       0x0000000000000050       0x51 ./Core/Src/software_timer.o
 .comment       0x0000000000000050       0x51 ./Core/Src/stm32f1xx_hal_msp.o
 .comment       0x0000000000000050       0x51 ./Core/Src/stm32f1xx_it.o
 .comment       0x0000000000000050       0x51 ./Core/Src/system_stm32f1xx.o
 .comment       0x0000000000000050       0x51 ./Drivers/STM32F1xx_HAL_Driver/Src/stm32f1xx_hal.o
 .comment       0x0000000000000050       0x51 ./Drivers/STM32F1xx_HAL_Driver/Src/stm32f1xx_hal_cortex.o
 .comment       0x0000000000000050       0x51 ./Drivers/STM32F1xx_HAL_Driver/Src/stm32f1xx_hal_gpio.o
 .comment       0x0000000000000050       0x51 ./Drivers/STM32F1xx_HAL_Driver/Src/stm32f1xx_hal_rcc.o
 .comment       0x0000000000000050       0x51 ./Drivers/STM32F1xx_HAL_Driver/Src/stm32f1xx_hal_tim.o
 .comment       0x0000000000000050       0x51 ./Drivers/STM32F1xx_HAL_Driver/Src/stm32f1xx_hal_tim_ex.o

.debug_frame    0x0000000000000000     0x2838
 .debug_frame   0x0000000000000000       0x2c ./Core/Src/LedBlinky.o
 .debug_frame   0x000000000000002c       0xc4 ./Core/Src/button.o
 .debug_frame   0x00000000000000f0       0x38 ./Core/Src/display7SEG.o
 .debug_frame   0x0000000000000128       0x2c ./Core/Src/fsm_automatic_buttons_run.o
 .debug_frame   0x0000000000000154       0x2c ./Core/Src/fsm_longpress_buttons_run.o
 .debug_frame   0x0000000000000180       0x2c ./Core/Src/fsm_simple_buttons_run.o
 .debug_frame   0x00000000000001ac       0xf8 ./Core/Src/main.o
 .debug_frame   0x00000000000002a4       0x80 ./Core/Src/software_timer.o
 .debug_frame   0x0000000000000324       0x80 ./Core/Src/stm32f1xx_hal_msp.o
 .debug_frame   0x00000000000003a4      0x13c ./Core/Src/stm32f1xx_it.o
 .debug_frame   0x00000000000004e0       0x58 ./Core/Src/system_stm32f1xx.o
 .debug_frame   0x0000000000000538      0x334 ./Drivers/STM32F1xx_HAL_Driver/Src/stm32f1xx_hal.o
 .debug_frame   0x000000000000086c      0x428 ./Drivers/STM32F1xx_HAL_Driver/Src/stm32f1xx_hal_cortex.o
 .debug_frame   0x0000000000000c94      0x14c ./Drivers/STM32F1xx_HAL_Driver/Src/stm32f1xx_hal_gpio.o
 .debug_frame   0x0000000000000de0      0x21c ./Drivers/STM32F1xx_HAL_Driver/Src/stm32f1xx_hal_rcc.o
 .debug_frame   0x0000000000000ffc     0x11b8 ./Drivers/STM32F1xx_HAL_Driver/Src/stm32f1xx_hal_tim.o
 .debug_frame   0x00000000000021b4      0x638 ./Drivers/STM32F1xx_HAL_Driver/Src/stm32f1xx_hal_tim_ex.o
 .debug_frame   0x00000000000027ec       0x2c c:/st/stm32cubeide_1.10.1/stm32cubeide/plugins/com.st.stm32cube.ide.mcu.externaltools.gnu-tools-for-stm32.10.3-2021.10.win32_1.0.0.202111181127/tools/bin/../lib/gcc/arm-none-eabi/10.3.1/../../../../arm-none-eabi/lib/thumb/v7-m/nofp\libc_nano.a(lib_a-init.o)
 .debug_frame   0x0000000000002818       0x20 c:/st/stm32cubeide_1.10.1/stm32cubeide/plugins/com.st.stm32cube.ide.mcu.externaltools.gnu-tools-for-stm32.10.3-2021.10.win32_1.0.0.202111181127/tools/bin/../lib/gcc/arm-none-eabi/10.3.1/../../../../arm-none-eabi/lib/thumb/v7-m/nofp\libc_nano.a(lib_a-memset.o)
